// Jest Snapshot v1, https://goo.gl/fbAQLP

exports[`InitialItem should match snapshot 1`] = `
<DocumentFragment>
  <div
    class="item"
    role="listitem"
  >
    <div
      class="content"
    >
      <div
        class="header"
      >
        Enter user name to search for his repositories
      </div>
      <div
        class="description"
      >
        There should be a list of all his repositories with public access.
      </div>
    </div>
  </div>
</DocumentFragment>
`;
